// Jest Snapshot v1, https://goo.gl/fbAQLP

exports[`Greeting renders 1`] = `
<div>
  <div
    class="sc-bXdtCk lfUsMd"
  >
    <h1>
       Start Shuffling! 
    </h1>
  </div>
</div>
`;
